apiVersion: v1
kind: ServiceAccount
metadata:
  labels:
    app.kubernetes.io/component: networkpolicy
    app.kubernetes.io/name: espejote-networkpolicy-sync
  name: espejote-networkpolicy-sync
  namespace: syn-espejote
---
apiVersion: rbac.authorization.k8s.io/v1
kind: ClusterRole
metadata:
  labels:
    app.kubernetes.io/component: networkpolicy
    app.kubernetes.io/name: espejote-managedresource-networkpolicy-sync
  name: espejote-managedresource-networkpolicy-sync
rules:
  - apiGroups:
      - ''
    resources:
      - namespaces
    verbs:
      - get
      - list
      - watch
  - apiGroups:
      - espejote.io
    resourceNames:
      - espejote-networkpolicy-sync
    resources:
      - jsonnetlibraries
    verbs:
      - get
      - list
      - watch
  - apiGroups:
      - networking.k8s.io
    resources:
      - networkpolicies
    verbs:
      - get
      - list
      - watch
      - patch
      - create
      - delete
  - apiGroups:
      - cilium.io
    resources:
      - ciliumnetworkpolicies
    verbs:
      - get
      - list
      - watch
      - patch
      - create
      - delete
---
apiVersion: rbac.authorization.k8s.io/v1
kind: ClusterRoleBinding
metadata:
  labels:
    app.kubernetes.io/component: networkpolicy
    app.kubernetes.io/name: espejote-managedresource-networkpolicy-sync
  name: espejote-managedresource-networkpolicy-sync
roleRef:
  apiGroup: rbac.authorization.k8s.io
  kind: ClusterRole
  name: espejote-managedresource-networkpolicy-sync
subjects:
  - kind: ServiceAccount
    name: espejote-networkpolicy-sync
    namespace: syn-espejote
